// Jest Snapshot v1, https://goo.gl/fbAQLP

exports[`ConfirmationModal renders modal 1`] = `
<span>
  Test
</span>
`;
