// Jest Snapshot v1, https://goo.gl/fbAQLP

exports[`Grid renders grid wrapper 1`] = `
<div
  class="root"
  data-testid="grid-wrap"
>
  <div>
    A
  </div>
  <div>
    B
  </div>
  <div>
    C
  </div>
</div>
`;
