// Jest Snapshot v1, https://goo.gl/fbAQLP

exports[`Button renders default button 1`] = `
<button
  class="iconButton primary"
  title="Test"
  type="button"
>
  <div
    class="inner"
  >
    <span>
      Test
    </span>
  </div>
</button>
`;
