// Jest Snapshot v1, https://goo.gl/fbAQLP

exports[`ImageSelector renders component 1`] = `
<div
  class="root"
  data-testid="image-selector"
>
  <div
    class="controlsWrap"
  >
    <div
      class="search"
    >
      <input
        class="input"
        data-testid="asset-search"
        type="search"
        value=""
      />
    </div>
    <div
      class="mr-1"
    >
      <button
        class="iconButton default"
        data-testid="asset-search-btn"
        title="Search"
        type="button"
      >
        <div
          class="inner"
        >
          <svg
            viewBox="0 0 183.792 183.792"
            xmlns="http://www.w3.org/2000/svg"
          >
            <path
              d="M54.734 9.053C39.12 18.067 27.95 32.624 23.284 50.039c-4.667 17.415-2.271 35.606 6.743 51.22 12.023 20.823 34.441 33.759 58.508 33.759a67.31 67.31 0 0022.287-3.818l30.364 52.592 21.65-12.5-30.359-52.583c10.255-8.774 17.638-20.411 21.207-33.73 4.666-17.415 2.27-35.605-6.744-51.22C134.918 12.936 112.499 0 88.433 0 76.645 0 64.992 3.13 54.734 9.053zm70.556 37.206c5.676 9.831 7.184 21.285 4.246 32.25-2.938 10.965-9.971 20.13-19.802 25.806a42.466 42.466 0 01-21.199 5.703c-15.163 0-29.286-8.146-36.857-21.259-5.676-9.831-7.184-21.284-4.245-32.25 2.938-10.965 9.971-20.13 19.802-25.807A42.47 42.47 0 0188.433 25c15.164 0 29.286 8.146 36.857 21.259z"
            />
          </svg>
        </div>
      </button>
    </div>
    <button
      class="iconButton primary"
      title="Refresh"
      type="button"
    >
      <div
        class="inner"
      >
        <svg
          version="1.1"
          viewBox="0 0 492.883 492.883"
          xmlns="http://www.w3.org/2000/svg"
        >
          <path
            d="M122.941 374.241c-20.1-18.1-34.6-39.8-44.1-63.1-25.2-61.8-13.4-135.3 35.8-186l45.4 45.4c2.5 2.5 7 .7 7.6-3l24.8-162.3c.4-2.7-1.9-5-4.6-4.6l-162.4 24.8c-3.7.6-5.5 5.1-3 7.6l45.5 45.5c-75.1 76.8-87.9 192-38.6 282 14.8 27.1 35.3 51.9 61.4 72.7 44.4 35.3 99 52.2 153.2 51.1l10.2-66.7c-46.7 4-94.7-10.4-131.2-43.4zM424.941 414.341c75.1-76.8 87.9-192 38.6-282-14.8-27.1-35.3-51.9-61.4-72.7-44.4-35.3-99-52.2-153.2-51.1l-10.2 66.7c46.6-4 94.7 10.4 131.2 43.4 20.1 18.1 34.6 39.8 44.1 63.1 25.2 61.8 13.4 135.3-35.8 186l-45.4-45.4c-2.5-2.5-7-.7-7.6 3l-24.8 162.3c-.4 2.7 1.9 5 4.6 4.6l162.4-24.8c3.7-.6 5.4-5.1 3-7.6l-45.5-45.5z"
          />
        </svg>
      </div>
    </button>
  </div>
  <div
    class="listStage"
    data-testid="asset-list-stage"
  >
    <div
      class="root"
      data-testid="asset-item-0"
      style="background-image: url(https://www.domain.com/files/thumbnail/testfile.jpg);"
    >
      <div
        class="idx"
      >
        1
      </div>
      <div
        class="btnDeleteWrap"
      >
        <button
          class="iconButton primary"
          data-testid="asset-item-0-delete"
          title="delete"
          type="button"
        >
          <div
            class="inner"
          >
            <svg
              version="1.1"
              viewBox="0 0 297.001 297.001"
              xmlns="http://www.w3.org/2000/svg"
            >
              <path
                d="M220.879 138.078l2.194-36.772h6.967c5.458 0 9.884-4.425 9.884-9.884V67.619c0-19.301-15.703-35.004-35.004-35.004h-30.227V9.884c0-5.458-4.425-9.884-9.884-9.884H99.578c-5.458 0-9.884 4.425-9.884 9.884v22.732H59.466c-19.301 0-35.004 15.703-35.004 35.004v23.803c0 5.458 4.425 9.884 9.884 9.884h6.967l11.124 186.399a9.884 9.884 0 009.866 9.295h139.78a9.884 9.884 0 009.866-9.295l1.938-32.467c32.355-.085 58.652-26.429 58.652-58.804 0-30.006-22.594-54.818-51.66-58.357zM109.461 19.767h45.464v12.849h-45.464V19.767zM44.23 81.539v-13.92c0-8.401 6.835-15.236 15.236-15.236h145.453c8.402 0 15.237 6.835 15.237 15.236v13.92H44.23zM203.241 101.8l-2.221 37.228a58.347 58.347 0 00-10.02 3.175V101.8h12.241zM73.386 277.233h-1.772L61.145 101.8h12.241v175.433zm31.451 0H93.153V101.306h11.684v175.927zm34.945 0h-15.179V101.8h15.179v175.433zm19.767-175.927h11.684v54.547c-4.892 5.121-8.882 11.11-11.684 17.725v-72.272zm11.685 175.928H159.55V219.293c2.801 6.615 6.792 12.604 11.684 17.725v40.216zm21.539-.001H191v-26.566c1.077.453 2.174.865 3.283 1.255l-1.51 25.311zm20.959-41.758c-21.527 0-39.04-17.513-39.04-39.04 0-21.527 17.513-39.04 39.04-39.04 21.527 0 39.04 17.513 39.04 39.04 0 21.527-17.513 39.04-39.04 39.04z"
              />
              <path
                d="M237.029 173.138a9.886 9.886 0 00-13.978 0l-9.319 9.319-9.319-9.319a9.886 9.886 0 00-13.978 0c-3.86 3.86-3.86 10.118 0 13.978l9.319 9.319-9.319 9.319c-3.86 3.86-3.86 10.118 0 13.978a9.856 9.856 0 006.989 2.895c2.53 0 5.059-.965 6.989-2.895l9.319-9.319 9.319 9.319a9.856 9.856 0 006.989 2.895c2.53 0 5.059-.965 6.989-2.895 3.86-3.86 3.86-10.118 0-13.978l-9.319-9.319 9.319-9.319c3.86-3.86 3.86-10.118 0-13.978z"
              />
            </svg>
          </div>
        </button>
      </div>
      <div
        class="inner"
      >
        <div
          class="title"
        >
          test-0.jpg
        </div>
      </div>
    </div>
    <div
      class="root"
      data-testid="asset-item-1"
      style="background-image: url(https://www.domain.com/files/thumbnail/testfile.jpg);"
    >
      <div
        class="idx"
      >
        2
      </div>
      <div
        class="btnDeleteWrap"
      >
        <button
          class="iconButton primary"
          data-testid="asset-item-1-delete"
          title="delete"
          type="button"
        >
          <div
            class="inner"
          >
            <svg
              version="1.1"
              viewBox="0 0 297.001 297.001"
              xmlns="http://www.w3.org/2000/svg"
            >
              <path
                d="M220.879 138.078l2.194-36.772h6.967c5.458 0 9.884-4.425 9.884-9.884V67.619c0-19.301-15.703-35.004-35.004-35.004h-30.227V9.884c0-5.458-4.425-9.884-9.884-9.884H99.578c-5.458 0-9.884 4.425-9.884 9.884v22.732H59.466c-19.301 0-35.004 15.703-35.004 35.004v23.803c0 5.458 4.425 9.884 9.884 9.884h6.967l11.124 186.399a9.884 9.884 0 009.866 9.295h139.78a9.884 9.884 0 009.866-9.295l1.938-32.467c32.355-.085 58.652-26.429 58.652-58.804 0-30.006-22.594-54.818-51.66-58.357zM109.461 19.767h45.464v12.849h-45.464V19.767zM44.23 81.539v-13.92c0-8.401 6.835-15.236 15.236-15.236h145.453c8.402 0 15.237 6.835 15.237 15.236v13.92H44.23zM203.241 101.8l-2.221 37.228a58.347 58.347 0 00-10.02 3.175V101.8h12.241zM73.386 277.233h-1.772L61.145 101.8h12.241v175.433zm31.451 0H93.153V101.306h11.684v175.927zm34.945 0h-15.179V101.8h15.179v175.433zm19.767-175.927h11.684v54.547c-4.892 5.121-8.882 11.11-11.684 17.725v-72.272zm11.685 175.928H159.55V219.293c2.801 6.615 6.792 12.604 11.684 17.725v40.216zm21.539-.001H191v-26.566c1.077.453 2.174.865 3.283 1.255l-1.51 25.311zm20.959-41.758c-21.527 0-39.04-17.513-39.04-39.04 0-21.527 17.513-39.04 39.04-39.04 21.527 0 39.04 17.513 39.04 39.04 0 21.527-17.513 39.04-39.04 39.04z"
              />
              <path
                d="M237.029 173.138a9.886 9.886 0 00-13.978 0l-9.319 9.319-9.319-9.319a9.886 9.886 0 00-13.978 0c-3.86 3.86-3.86 10.118 0 13.978l9.319 9.319-9.319 9.319c-3.86 3.86-3.86 10.118 0 13.978a9.856 9.856 0 006.989 2.895c2.53 0 5.059-.965 6.989-2.895l9.319-9.319 9.319 9.319a9.856 9.856 0 006.989 2.895c2.53 0 5.059-.965 6.989-2.895 3.86-3.86 3.86-10.118 0-13.978l-9.319-9.319 9.319-9.319c3.86-3.86 3.86-10.118 0-13.978z"
              />
            </svg>
          </div>
        </button>
      </div>
      <div
        class="inner"
      >
        <div
          class="title"
        >
          test-1.jpg
        </div>
      </div>
    </div>
    <div
      class="root"
      data-testid="asset-item-2"
      style="background-image: url(https://www.domain.com/files/thumbnail/testfile.jpg);"
    >
      <div
        class="idx"
      >
        3
      </div>
      <div
        class="btnDeleteWrap"
      >
        <button
          class="iconButton primary"
          data-testid="asset-item-2-delete"
          title="delete"
          type="button"
        >
          <div
            class="inner"
          >
            <svg
              version="1.1"
              viewBox="0 0 297.001 297.001"
              xmlns="http://www.w3.org/2000/svg"
            >
              <path
                d="M220.879 138.078l2.194-36.772h6.967c5.458 0 9.884-4.425 9.884-9.884V67.619c0-19.301-15.703-35.004-35.004-35.004h-30.227V9.884c0-5.458-4.425-9.884-9.884-9.884H99.578c-5.458 0-9.884 4.425-9.884 9.884v22.732H59.466c-19.301 0-35.004 15.703-35.004 35.004v23.803c0 5.458 4.425 9.884 9.884 9.884h6.967l11.124 186.399a9.884 9.884 0 009.866 9.295h139.78a9.884 9.884 0 009.866-9.295l1.938-32.467c32.355-.085 58.652-26.429 58.652-58.804 0-30.006-22.594-54.818-51.66-58.357zM109.461 19.767h45.464v12.849h-45.464V19.767zM44.23 81.539v-13.92c0-8.401 6.835-15.236 15.236-15.236h145.453c8.402 0 15.237 6.835 15.237 15.236v13.92H44.23zM203.241 101.8l-2.221 37.228a58.347 58.347 0 00-10.02 3.175V101.8h12.241zM73.386 277.233h-1.772L61.145 101.8h12.241v175.433zm31.451 0H93.153V101.306h11.684v175.927zm34.945 0h-15.179V101.8h15.179v175.433zm19.767-175.927h11.684v54.547c-4.892 5.121-8.882 11.11-11.684 17.725v-72.272zm11.685 175.928H159.55V219.293c2.801 6.615 6.792 12.604 11.684 17.725v40.216zm21.539-.001H191v-26.566c1.077.453 2.174.865 3.283 1.255l-1.51 25.311zm20.959-41.758c-21.527 0-39.04-17.513-39.04-39.04 0-21.527 17.513-39.04 39.04-39.04 21.527 0 39.04 17.513 39.04 39.04 0 21.527-17.513 39.04-39.04 39.04z"
              />
              <path
                d="M237.029 173.138a9.886 9.886 0 00-13.978 0l-9.319 9.319-9.319-9.319a9.886 9.886 0 00-13.978 0c-3.86 3.86-3.86 10.118 0 13.978l9.319 9.319-9.319 9.319c-3.86 3.86-3.86 10.118 0 13.978a9.856 9.856 0 006.989 2.895c2.53 0 5.059-.965 6.989-2.895l9.319-9.319 9.319 9.319a9.856 9.856 0 006.989 2.895c2.53 0 5.059-.965 6.989-2.895 3.86-3.86 3.86-10.118 0-13.978l-9.319-9.319 9.319-9.319c3.86-3.86 3.86-10.118 0-13.978z"
              />
            </svg>
          </div>
        </button>
      </div>
      <div
        class="inner"
      >
        <div
          class="title"
        >
          test-2.jpg
        </div>
      </div>
    </div>
    <div
      class="root"
      data-testid="asset-item-3"
      style="background-image: url(https://www.domain.com/files/thumbnail/testfile.jpg);"
    >
      <div
        class="idx"
      >
        4
      </div>
      <div
        class="btnDeleteWrap"
      >
        <button
          class="iconButton primary"
          data-testid="asset-item-3-delete"
          title="delete"
          type="button"
        >
          <div
            class="inner"
          >
            <svg
              version="1.1"
              viewBox="0 0 297.001 297.001"
              xmlns="http://www.w3.org/2000/svg"
            >
              <path
                d="M220.879 138.078l2.194-36.772h6.967c5.458 0 9.884-4.425 9.884-9.884V67.619c0-19.301-15.703-35.004-35.004-35.004h-30.227V9.884c0-5.458-4.425-9.884-9.884-9.884H99.578c-5.458 0-9.884 4.425-9.884 9.884v22.732H59.466c-19.301 0-35.004 15.703-35.004 35.004v23.803c0 5.458 4.425 9.884 9.884 9.884h6.967l11.124 186.399a9.884 9.884 0 009.866 9.295h139.78a9.884 9.884 0 009.866-9.295l1.938-32.467c32.355-.085 58.652-26.429 58.652-58.804 0-30.006-22.594-54.818-51.66-58.357zM109.461 19.767h45.464v12.849h-45.464V19.767zM44.23 81.539v-13.92c0-8.401 6.835-15.236 15.236-15.236h145.453c8.402 0 15.237 6.835 15.237 15.236v13.92H44.23zM203.241 101.8l-2.221 37.228a58.347 58.347 0 00-10.02 3.175V101.8h12.241zM73.386 277.233h-1.772L61.145 101.8h12.241v175.433zm31.451 0H93.153V101.306h11.684v175.927zm34.945 0h-15.179V101.8h15.179v175.433zm19.767-175.927h11.684v54.547c-4.892 5.121-8.882 11.11-11.684 17.725v-72.272zm11.685 175.928H159.55V219.293c2.801 6.615 6.792 12.604 11.684 17.725v40.216zm21.539-.001H191v-26.566c1.077.453 2.174.865 3.283 1.255l-1.51 25.311zm20.959-41.758c-21.527 0-39.04-17.513-39.04-39.04 0-21.527 17.513-39.04 39.04-39.04 21.527 0 39.04 17.513 39.04 39.04 0 21.527-17.513 39.04-39.04 39.04z"
              />
              <path
                d="M237.029 173.138a9.886 9.886 0 00-13.978 0l-9.319 9.319-9.319-9.319a9.886 9.886 0 00-13.978 0c-3.86 3.86-3.86 10.118 0 13.978l9.319 9.319-9.319 9.319c-3.86 3.86-3.86 10.118 0 13.978a9.856 9.856 0 006.989 2.895c2.53 0 5.059-.965 6.989-2.895l9.319-9.319 9.319 9.319a9.856 9.856 0 006.989 2.895c2.53 0 5.059-.965 6.989-2.895 3.86-3.86 3.86-10.118 0-13.978l-9.319-9.319 9.319-9.319c3.86-3.86 3.86-10.118 0-13.978z"
              />
            </svg>
          </div>
        </button>
      </div>
      <div
        class="inner"
      >
        <div
          class="title"
        >
          test-3.jpg
        </div>
      </div>
    </div>
    <div
      class="root"
      data-testid="asset-item-4"
      style="background-image: url(https://www.domain.com/files/thumbnail/testfile.jpg);"
    >
      <div
        class="idx"
      >
        5
      </div>
      <div
        class="btnDeleteWrap"
      >
        <button
          class="iconButton primary"
          data-testid="asset-item-4-delete"
          title="delete"
          type="button"
        >
          <div
            class="inner"
          >
            <svg
              version="1.1"
              viewBox="0 0 297.001 297.001"
              xmlns="http://www.w3.org/2000/svg"
            >
              <path
                d="M220.879 138.078l2.194-36.772h6.967c5.458 0 9.884-4.425 9.884-9.884V67.619c0-19.301-15.703-35.004-35.004-35.004h-30.227V9.884c0-5.458-4.425-9.884-9.884-9.884H99.578c-5.458 0-9.884 4.425-9.884 9.884v22.732H59.466c-19.301 0-35.004 15.703-35.004 35.004v23.803c0 5.458 4.425 9.884 9.884 9.884h6.967l11.124 186.399a9.884 9.884 0 009.866 9.295h139.78a9.884 9.884 0 009.866-9.295l1.938-32.467c32.355-.085 58.652-26.429 58.652-58.804 0-30.006-22.594-54.818-51.66-58.357zM109.461 19.767h45.464v12.849h-45.464V19.767zM44.23 81.539v-13.92c0-8.401 6.835-15.236 15.236-15.236h145.453c8.402 0 15.237 6.835 15.237 15.236v13.92H44.23zM203.241 101.8l-2.221 37.228a58.347 58.347 0 00-10.02 3.175V101.8h12.241zM73.386 277.233h-1.772L61.145 101.8h12.241v175.433zm31.451 0H93.153V101.306h11.684v175.927zm34.945 0h-15.179V101.8h15.179v175.433zm19.767-175.927h11.684v54.547c-4.892 5.121-8.882 11.11-11.684 17.725v-72.272zm11.685 175.928H159.55V219.293c2.801 6.615 6.792 12.604 11.684 17.725v40.216zm21.539-.001H191v-26.566c1.077.453 2.174.865 3.283 1.255l-1.51 25.311zm20.959-41.758c-21.527 0-39.04-17.513-39.04-39.04 0-21.527 17.513-39.04 39.04-39.04 21.527 0 39.04 17.513 39.04 39.04 0 21.527-17.513 39.04-39.04 39.04z"
              />
              <path
                d="M237.029 173.138a9.886 9.886 0 00-13.978 0l-9.319 9.319-9.319-9.319a9.886 9.886 0 00-13.978 0c-3.86 3.86-3.86 10.118 0 13.978l9.319 9.319-9.319 9.319c-3.86 3.86-3.86 10.118 0 13.978a9.856 9.856 0 006.989 2.895c2.53 0 5.059-.965 6.989-2.895l9.319-9.319 9.319 9.319a9.856 9.856 0 006.989 2.895c2.53 0 5.059-.965 6.989-2.895 3.86-3.86 3.86-10.118 0-13.978l-9.319-9.319 9.319-9.319c3.86-3.86 3.86-10.118 0-13.978z"
              />
            </svg>
          </div>
        </button>
      </div>
      <div
        class="inner"
      >
        <div
          class="title"
        >
          test-4.jpg
        </div>
      </div>
    </div>
    <div
      class="root"
      data-testid="asset-item-5"
      style="background-image: url(https://www.domain.com/files/thumbnail/testfile.jpg);"
    >
      <div
        class="idx"
      >
        6
      </div>
      <div
        class="btnDeleteWrap"
      >
        <button
          class="iconButton primary"
          data-testid="asset-item-5-delete"
          title="delete"
          type="button"
        >
          <div
            class="inner"
          >
            <svg
              version="1.1"
              viewBox="0 0 297.001 297.001"
              xmlns="http://www.w3.org/2000/svg"
            >
              <path
                d="M220.879 138.078l2.194-36.772h6.967c5.458 0 9.884-4.425 9.884-9.884V67.619c0-19.301-15.703-35.004-35.004-35.004h-30.227V9.884c0-5.458-4.425-9.884-9.884-9.884H99.578c-5.458 0-9.884 4.425-9.884 9.884v22.732H59.466c-19.301 0-35.004 15.703-35.004 35.004v23.803c0 5.458 4.425 9.884 9.884 9.884h6.967l11.124 186.399a9.884 9.884 0 009.866 9.295h139.78a9.884 9.884 0 009.866-9.295l1.938-32.467c32.355-.085 58.652-26.429 58.652-58.804 0-30.006-22.594-54.818-51.66-58.357zM109.461 19.767h45.464v12.849h-45.464V19.767zM44.23 81.539v-13.92c0-8.401 6.835-15.236 15.236-15.236h145.453c8.402 0 15.237 6.835 15.237 15.236v13.92H44.23zM203.241 101.8l-2.221 37.228a58.347 58.347 0 00-10.02 3.175V101.8h12.241zM73.386 277.233h-1.772L61.145 101.8h12.241v175.433zm31.451 0H93.153V101.306h11.684v175.927zm34.945 0h-15.179V101.8h15.179v175.433zm19.767-175.927h11.684v54.547c-4.892 5.121-8.882 11.11-11.684 17.725v-72.272zm11.685 175.928H159.55V219.293c2.801 6.615 6.792 12.604 11.684 17.725v40.216zm21.539-.001H191v-26.566c1.077.453 2.174.865 3.283 1.255l-1.51 25.311zm20.959-41.758c-21.527 0-39.04-17.513-39.04-39.04 0-21.527 17.513-39.04 39.04-39.04 21.527 0 39.04 17.513 39.04 39.04 0 21.527-17.513 39.04-39.04 39.04z"
              />
              <path
                d="M237.029 173.138a9.886 9.886 0 00-13.978 0l-9.319 9.319-9.319-9.319a9.886 9.886 0 00-13.978 0c-3.86 3.86-3.86 10.118 0 13.978l9.319 9.319-9.319 9.319c-3.86 3.86-3.86 10.118 0 13.978a9.856 9.856 0 006.989 2.895c2.53 0 5.059-.965 6.989-2.895l9.319-9.319 9.319 9.319a9.856 9.856 0 006.989 2.895c2.53 0 5.059-.965 6.989-2.895 3.86-3.86 3.86-10.118 0-13.978l-9.319-9.319 9.319-9.319c3.86-3.86 3.86-10.118 0-13.978z"
              />
            </svg>
          </div>
        </button>
      </div>
      <div
        class="inner"
      >
        <div
          class="title"
        >
          test-5.jpg
        </div>
      </div>
    </div>
    <div
      class="root"
      data-testid="asset-item-6"
      style="background-image: url(https://www.domain.com/files/thumbnail/testfile.jpg);"
    >
      <div
        class="idx"
      >
        7
      </div>
      <div
        class="btnDeleteWrap"
      >
        <button
          class="iconButton primary"
          data-testid="asset-item-6-delete"
          title="delete"
          type="button"
        >
          <div
            class="inner"
          >
            <svg
              version="1.1"
              viewBox="0 0 297.001 297.001"
              xmlns="http://www.w3.org/2000/svg"
            >
              <path
                d="M220.879 138.078l2.194-36.772h6.967c5.458 0 9.884-4.425 9.884-9.884V67.619c0-19.301-15.703-35.004-35.004-35.004h-30.227V9.884c0-5.458-4.425-9.884-9.884-9.884H99.578c-5.458 0-9.884 4.425-9.884 9.884v22.732H59.466c-19.301 0-35.004 15.703-35.004 35.004v23.803c0 5.458 4.425 9.884 9.884 9.884h6.967l11.124 186.399a9.884 9.884 0 009.866 9.295h139.78a9.884 9.884 0 009.866-9.295l1.938-32.467c32.355-.085 58.652-26.429 58.652-58.804 0-30.006-22.594-54.818-51.66-58.357zM109.461 19.767h45.464v12.849h-45.464V19.767zM44.23 81.539v-13.92c0-8.401 6.835-15.236 15.236-15.236h145.453c8.402 0 15.237 6.835 15.237 15.236v13.92H44.23zM203.241 101.8l-2.221 37.228a58.347 58.347 0 00-10.02 3.175V101.8h12.241zM73.386 277.233h-1.772L61.145 101.8h12.241v175.433zm31.451 0H93.153V101.306h11.684v175.927zm34.945 0h-15.179V101.8h15.179v175.433zm19.767-175.927h11.684v54.547c-4.892 5.121-8.882 11.11-11.684 17.725v-72.272zm11.685 175.928H159.55V219.293c2.801 6.615 6.792 12.604 11.684 17.725v40.216zm21.539-.001H191v-26.566c1.077.453 2.174.865 3.283 1.255l-1.51 25.311zm20.959-41.758c-21.527 0-39.04-17.513-39.04-39.04 0-21.527 17.513-39.04 39.04-39.04 21.527 0 39.04 17.513 39.04 39.04 0 21.527-17.513 39.04-39.04 39.04z"
              />
              <path
                d="M237.029 173.138a9.886 9.886 0 00-13.978 0l-9.319 9.319-9.319-9.319a9.886 9.886 0 00-13.978 0c-3.86 3.86-3.86 10.118 0 13.978l9.319 9.319-9.319 9.319c-3.86 3.86-3.86 10.118 0 13.978a9.856 9.856 0 006.989 2.895c2.53 0 5.059-.965 6.989-2.895l9.319-9.319 9.319 9.319a9.856 9.856 0 006.989 2.895c2.53 0 5.059-.965 6.989-2.895 3.86-3.86 3.86-10.118 0-13.978l-9.319-9.319 9.319-9.319c3.86-3.86 3.86-10.118 0-13.978z"
              />
            </svg>
          </div>
        </button>
      </div>
      <div
        class="inner"
      >
        <div
          class="title"
        >
          test-6.jpg
        </div>
      </div>
    </div>
    <div
      class="root"
      data-testid="asset-item-7"
      style="background-image: url(https://www.domain.com/files/thumbnail/testfile.jpg);"
    >
      <div
        class="idx"
      >
        8
      </div>
      <div
        class="btnDeleteWrap"
      >
        <button
          class="iconButton primary"
          data-testid="asset-item-7-delete"
          title="delete"
          type="button"
        >
          <div
            class="inner"
          >
            <svg
              version="1.1"
              viewBox="0 0 297.001 297.001"
              xmlns="http://www.w3.org/2000/svg"
            >
              <path
                d="M220.879 138.078l2.194-36.772h6.967c5.458 0 9.884-4.425 9.884-9.884V67.619c0-19.301-15.703-35.004-35.004-35.004h-30.227V9.884c0-5.458-4.425-9.884-9.884-9.884H99.578c-5.458 0-9.884 4.425-9.884 9.884v22.732H59.466c-19.301 0-35.004 15.703-35.004 35.004v23.803c0 5.458 4.425 9.884 9.884 9.884h6.967l11.124 186.399a9.884 9.884 0 009.866 9.295h139.78a9.884 9.884 0 009.866-9.295l1.938-32.467c32.355-.085 58.652-26.429 58.652-58.804 0-30.006-22.594-54.818-51.66-58.357zM109.461 19.767h45.464v12.849h-45.464V19.767zM44.23 81.539v-13.92c0-8.401 6.835-15.236 15.236-15.236h145.453c8.402 0 15.237 6.835 15.237 15.236v13.92H44.23zM203.241 101.8l-2.221 37.228a58.347 58.347 0 00-10.02 3.175V101.8h12.241zM73.386 277.233h-1.772L61.145 101.8h12.241v175.433zm31.451 0H93.153V101.306h11.684v175.927zm34.945 0h-15.179V101.8h15.179v175.433zm19.767-175.927h11.684v54.547c-4.892 5.121-8.882 11.11-11.684 17.725v-72.272zm11.685 175.928H159.55V219.293c2.801 6.615 6.792 12.604 11.684 17.725v40.216zm21.539-.001H191v-26.566c1.077.453 2.174.865 3.283 1.255l-1.51 25.311zm20.959-41.758c-21.527 0-39.04-17.513-39.04-39.04 0-21.527 17.513-39.04 39.04-39.04 21.527 0 39.04 17.513 39.04 39.04 0 21.527-17.513 39.04-39.04 39.04z"
              />
              <path
                d="M237.029 173.138a9.886 9.886 0 00-13.978 0l-9.319 9.319-9.319-9.319a9.886 9.886 0 00-13.978 0c-3.86 3.86-3.86 10.118 0 13.978l9.319 9.319-9.319 9.319c-3.86 3.86-3.86 10.118 0 13.978a9.856 9.856 0 006.989 2.895c2.53 0 5.059-.965 6.989-2.895l9.319-9.319 9.319 9.319a9.856 9.856 0 006.989 2.895c2.53 0 5.059-.965 6.989-2.895 3.86-3.86 3.86-10.118 0-13.978l-9.319-9.319 9.319-9.319c3.86-3.86 3.86-10.118 0-13.978z"
              />
            </svg>
          </div>
        </button>
      </div>
      <div
        class="inner"
      >
        <div
          class="title"
        >
          test-7.jpg
        </div>
      </div>
    </div>
    <div
      class="root"
      data-testid="asset-item-8"
      style="background-image: url(https://www.domain.com/files/thumbnail/testfile.jpg);"
    >
      <div
        class="idx"
      >
        9
      </div>
      <div
        class="btnDeleteWrap"
      >
        <button
          class="iconButton primary"
          data-testid="asset-item-8-delete"
          title="delete"
          type="button"
        >
          <div
            class="inner"
          >
            <svg
              version="1.1"
              viewBox="0 0 297.001 297.001"
              xmlns="http://www.w3.org/2000/svg"
            >
              <path
                d="M220.879 138.078l2.194-36.772h6.967c5.458 0 9.884-4.425 9.884-9.884V67.619c0-19.301-15.703-35.004-35.004-35.004h-30.227V9.884c0-5.458-4.425-9.884-9.884-9.884H99.578c-5.458 0-9.884 4.425-9.884 9.884v22.732H59.466c-19.301 0-35.004 15.703-35.004 35.004v23.803c0 5.458 4.425 9.884 9.884 9.884h6.967l11.124 186.399a9.884 9.884 0 009.866 9.295h139.78a9.884 9.884 0 009.866-9.295l1.938-32.467c32.355-.085 58.652-26.429 58.652-58.804 0-30.006-22.594-54.818-51.66-58.357zM109.461 19.767h45.464v12.849h-45.464V19.767zM44.23 81.539v-13.92c0-8.401 6.835-15.236 15.236-15.236h145.453c8.402 0 15.237 6.835 15.237 15.236v13.92H44.23zM203.241 101.8l-2.221 37.228a58.347 58.347 0 00-10.02 3.175V101.8h12.241zM73.386 277.233h-1.772L61.145 101.8h12.241v175.433zm31.451 0H93.153V101.306h11.684v175.927zm34.945 0h-15.179V101.8h15.179v175.433zm19.767-175.927h11.684v54.547c-4.892 5.121-8.882 11.11-11.684 17.725v-72.272zm11.685 175.928H159.55V219.293c2.801 6.615 6.792 12.604 11.684 17.725v40.216zm21.539-.001H191v-26.566c1.077.453 2.174.865 3.283 1.255l-1.51 25.311zm20.959-41.758c-21.527 0-39.04-17.513-39.04-39.04 0-21.527 17.513-39.04 39.04-39.04 21.527 0 39.04 17.513 39.04 39.04 0 21.527-17.513 39.04-39.04 39.04z"
              />
              <path
                d="M237.029 173.138a9.886 9.886 0 00-13.978 0l-9.319 9.319-9.319-9.319a9.886 9.886 0 00-13.978 0c-3.86 3.86-3.86 10.118 0 13.978l9.319 9.319-9.319 9.319c-3.86 3.86-3.86 10.118 0 13.978a9.856 9.856 0 006.989 2.895c2.53 0 5.059-.965 6.989-2.895l9.319-9.319 9.319 9.319a9.856 9.856 0 006.989 2.895c2.53 0 5.059-.965 6.989-2.895 3.86-3.86 3.86-10.118 0-13.978l-9.319-9.319 9.319-9.319c3.86-3.86 3.86-10.118 0-13.978z"
              />
            </svg>
          </div>
        </button>
      </div>
      <div
        class="inner"
      >
        <div
          class="title"
        >
          test-8.jpg
        </div>
      </div>
    </div>
    <div
      class="root"
      data-testid="asset-item-9"
      style="background-image: url(https://www.domain.com/files/thumbnail/testfile.jpg);"
    >
      <div
        class="idx"
      >
        10
      </div>
      <div
        class="btnDeleteWrap"
      >
        <button
          class="iconButton primary"
          data-testid="asset-item-9-delete"
          title="delete"
          type="button"
        >
          <div
            class="inner"
          >
            <svg
              version="1.1"
              viewBox="0 0 297.001 297.001"
              xmlns="http://www.w3.org/2000/svg"
            >
              <path
                d="M220.879 138.078l2.194-36.772h6.967c5.458 0 9.884-4.425 9.884-9.884V67.619c0-19.301-15.703-35.004-35.004-35.004h-30.227V9.884c0-5.458-4.425-9.884-9.884-9.884H99.578c-5.458 0-9.884 4.425-9.884 9.884v22.732H59.466c-19.301 0-35.004 15.703-35.004 35.004v23.803c0 5.458 4.425 9.884 9.884 9.884h6.967l11.124 186.399a9.884 9.884 0 009.866 9.295h139.78a9.884 9.884 0 009.866-9.295l1.938-32.467c32.355-.085 58.652-26.429 58.652-58.804 0-30.006-22.594-54.818-51.66-58.357zM109.461 19.767h45.464v12.849h-45.464V19.767zM44.23 81.539v-13.92c0-8.401 6.835-15.236 15.236-15.236h145.453c8.402 0 15.237 6.835 15.237 15.236v13.92H44.23zM203.241 101.8l-2.221 37.228a58.347 58.347 0 00-10.02 3.175V101.8h12.241zM73.386 277.233h-1.772L61.145 101.8h12.241v175.433zm31.451 0H93.153V101.306h11.684v175.927zm34.945 0h-15.179V101.8h15.179v175.433zm19.767-175.927h11.684v54.547c-4.892 5.121-8.882 11.11-11.684 17.725v-72.272zm11.685 175.928H159.55V219.293c2.801 6.615 6.792 12.604 11.684 17.725v40.216zm21.539-.001H191v-26.566c1.077.453 2.174.865 3.283 1.255l-1.51 25.311zm20.959-41.758c-21.527 0-39.04-17.513-39.04-39.04 0-21.527 17.513-39.04 39.04-39.04 21.527 0 39.04 17.513 39.04 39.04 0 21.527-17.513 39.04-39.04 39.04z"
              />
              <path
                d="M237.029 173.138a9.886 9.886 0 00-13.978 0l-9.319 9.319-9.319-9.319a9.886 9.886 0 00-13.978 0c-3.86 3.86-3.86 10.118 0 13.978l9.319 9.319-9.319 9.319c-3.86 3.86-3.86 10.118 0 13.978a9.856 9.856 0 006.989 2.895c2.53 0 5.059-.965 6.989-2.895l9.319-9.319 9.319 9.319a9.856 9.856 0 006.989 2.895c2.53 0 5.059-.965 6.989-2.895 3.86-3.86 3.86-10.118 0-13.978l-9.319-9.319 9.319-9.319c3.86-3.86 3.86-10.118 0-13.978z"
              />
            </svg>
          </div>
        </button>
      </div>
      <div
        class="inner"
      >
        <div
          class="title"
        >
          test-9.jpg
        </div>
      </div>
    </div>
  </div>
  <div
    class="pagination"
  >
    <button
      class="navBtn"
      data-testid="btn-pagenav-prev"
      disabled=""
    >
      <span
        class="scaleHover"
      >
        ◀
      </span>
    </button>
    <span
      class="pageNumsWrapper"
    >
      1
       - 
      10
       of 
      15
    </span>
    <button
      class="navBtn"
      data-testid="btn-pagenav-next"
    >
      <span
        class="scaleHover"
      >
        ▶
      </span>
    </button>
  </div>
</div>
`;
